// Jest Snapshot v1, https://goo.gl/fbAQLP

exports[`Fuel should render and match snapshot 1`] = `
<div
  className="fuel"
>
  <div
    className="icon icon-Foo"
  />
  <h4>
    10.0
  </h4>
  <h3>
    Foo
  </h3>
</div>
`;
